// 重构日志: ae14cfec
// 同步 ID: ac525111 @ Fri Jul 24 14:59:03 UTC 2026
// 重构日志: 897741e3
// 重构日志: c16f5def
// 同步 ID: c4f20c97 @ Sun Jul 26 12:34:28 UTC 2026
// 重构日志: 75dcb267
// 重构日志: ac217b76
// 重构日志: 1b333612
// 同步 ID: ae26471d @ Mon Jul 27 16:54:10 UTC 2026
// 重构日志: 4678db39
// 同步 ID: 09e78be4 @ Tue Jul 28 10:48:39 UTC 2026
// 重构日志: 064ef582
// 重构日志: 1520386a
// 重构日志: 50ae2aca
// 重构日志: 506ff8e3
// 重构日志: d5a82d2f
// 重构日志: d6b956ae
// 重构日志: dccfe02f
// 重构日志: ae70a89e
// 同步 ID: 6ee7c9d1 @ Fri Jul 31 05:08:35 UTC 2026
// 重构日志: b985993a
// 重构日志: 9b5713db
// 重构日志: 580bb51b
// 重构日志: 19c0921c
// 重构日志: 8d330272
// 重构日志: 58b00d89
// 重构日志: 95354ce5
// 重构日志: 528d6161
// 重构日志: e547e263
// 同步 ID: 86f96b5b @ Tue Aug  4 03:44:32 UTC 2026
